2026-04-21 21:49:24 [INFO] mmcows - Loaded config from configs/immu_config.yaml
2026-04-21 21:49:24 [INFO] mmcows - Initializing VisualTrainingPipeline...
2026-04-21 21:49:26 [INFO] mmcows - Running Visual Training Pipeline...
2026-04-21 21:49:26 [INFO] mmcows - Loaded visual config: unknown
2026-04-21 22:37:08 [INFO] mmcows - Loaded config from configs/path.yaml
2026-04-21 22:37:08 [INFO] mmcows - Initializing Sensor ExperimentPipeline...
2026-04-21 22:37:10 [INFO] mmcows - Loading data for sensor...
2026-04-21 22:37:10 [INFO] mmcows - Loaded fold_1 from configs/config_s1.json
2026-04-21 22:37:16 [INFO] mmcows - Building engineered features for immu...
2026-04-21 22:46:20 [INFO] mmcows - Running feature selection cascade...
2026-04-21 22:46:36 [INFO] mmcows - Evaluating top k features: [20, 50, 100, 'all']
2026-04-21 22:46:43 [INFO] mmcows -   k=20: Macro F1=0.4192, Accuracy=0.6563
2026-04-21 22:46:55 [INFO] mmcows -   k=50: Macro F1=0.4300, Accuracy=0.6670
2026-04-21 22:47:12 [INFO] mmcows -   k=100: Macro F1=0.4216, Accuracy=0.6671
2026-04-21 22:47:28 [INFO] mmcows -   k=all: Macro F1=0.4156, Accuracy=0.6670
2026-04-21 23:34:06 [INFO] mmcows - Loaded config from configs/path.yaml
2026-04-21 23:34:06 [INFO] mmcows - Initializing Sensor ExperimentPipeline...
2026-04-21 23:34:08 [INFO] mmcows - Loading data for sensor...
2026-04-21 23:34:08 [INFO] mmcows - Loaded fold_1 from configs/config_s1.json
2026-04-21 23:34:14 [INFO] mmcows - Building engineered features for immu...
2026-04-21 23:43:21 [INFO] mmcows - Running feature selection cascade...
2026-04-21 23:43:36 [INFO] mmcows - Evaluating top k features: [20, 50, 100, 'all']
2026-04-21 23:43:43 [INFO] mmcows -   k=20: Macro F1=0.4192, Accuracy=0.6563
2026-04-21 23:43:56 [INFO] mmcows -   k=50: Macro F1=0.4300, Accuracy=0.6670
2026-04-21 23:44:12 [INFO] mmcows -   k=100: Macro F1=0.4216, Accuracy=0.6671
2026-04-21 23:44:28 [INFO] mmcows -   k=all: Macro F1=0.4156, Accuracy=0.6670
2026-04-21 23:50:35 [INFO] mmcows - Loaded config from configs/path.yaml
2026-04-21 23:50:35 [INFO] mmcows - Initializing Sensor ExperimentPipeline...
2026-04-21 23:51:41 [INFO] mmcows - Loaded config from configs/path.yaml
2026-04-21 23:51:41 [INFO] mmcows - Initializing Sensor ExperimentPipeline...
2026-04-21 23:51:43 [INFO] mmcows - Logging initial experiment parameters to MLflow...
2026-04-21 23:51:43 [INFO] mmcows - Experiment Pipeline finished.
2026-04-22 00:02:37 [INFO] mmcows - Loaded config from configs/path.yaml
2026-04-22 00:02:37 [INFO] mmcows - Initializing Sensor ExperimentPipeline...
2026-04-22 00:02:38 [INFO] mmcows - Logging initial experiment parameters to MLflow...
2026-04-22 00:02:38 [INFO] mmcows - Loading data for sensor...
2026-04-22 00:02:38 [INFO] mmcows - Loaded fold_1 from configs/config_s1.json
2026-04-22 00:02:45 [INFO] mmcows - Building engineered features for immu... (This may take a while)
2026-04-22 00:11:48 [INFO] mmcows - Running feature selection cascade...
2026-04-22 00:12:04 [INFO] mmcows - Evaluating top k features: [20, 50, 100, 'all']
2026-04-22 00:12:11 [INFO] mmcows -   k=20: Macro F1=0.4192, Accuracy=0.6563
2026-04-22 00:12:23 [INFO] mmcows -   k=50: Macro F1=0.4300, Accuracy=0.6670
2026-04-22 00:12:39 [INFO] mmcows -   k=100: Macro F1=0.4216, Accuracy=0.6671
2026-04-22 00:12:56 [INFO] mmcows -   k=all: Macro F1=0.4156, Accuracy=0.6670
